/*C1*/SET SCHEMA SYSTEM_LOBS
INSERT INTO BLOCKS VALUES(0,2147483647,0)
COMMIT
/*C2*/SET SCHEMA PUBLIC
create table Department (id bigint generated by default as identity (start with 1), name varchar(255), primary key (id))
create table Employee (id bigint generated by default as identity (start with 1), name varchar(255), department_id bigint, primary key (id))
alter table Employee add constraint FK_lk0a412kck2kdc6slousi528s foreign key (department_id) references Department
/*C3*/SET SCHEMA PUBLIC
INSERT INTO DEPARTMENT VALUES(1,'yolo')
INSERT INTO EMPLOYEE VALUES(1,'John',1)
COMMIT
DISCONNECT
/*C4*/SET SCHEMA PUBLIC
INSERT INTO DEPARTMENT VALUES(2,'yolo')
INSERT INTO EMPLOYEE VALUES(2,'John',2)
COMMIT
DISCONNECT
